
  Determining projects to restore...
  All projects are up-to-date for restore.
  RemoteAgent.App.Logic -> E:\github\remote-agent\src\RemoteAgent.App.Logic\bin\Release\net10.0\RemoteAgent.App.Logic.dll
  RemoteAgent.App.Tests -> E:\github\remote-agent\tests\RemoteAgent.App.Tests\bin\Release\net10.0\RemoteAgent.App.Tests.dll
  RemoteAgent.Proto -> E:\github\remote-agent\src\RemoteAgent.Proto\bin\Release\net10.0\RemoteAgent.Proto.dll
  RemoteAgent.Service -> E:\github\remote-agent\src\RemoteAgent.Service\bin\Release\net10.0\RemoteAgent.Service.dll
  RemoteAgent.Service.Tests -> E:\github\remote-agent\tests\RemoteAgent.Service.Tests\bin\Release\net10.0\RemoteAgent.Service.Tests.dll
  XAML source generation is enabled (MauiXamlInflator=SourceGen). This generates C# code from XAML at compile time for better performance. To disable, remove the MauiXamlInflator line from your .csproj file (reverts to configuration-based defaults: Runtime in Debug, XamlC in Release).
  XAML source generation is enabled (MauiXamlInflator=SourceGen). This generates C# code from XAML at compile time for better performance. To disable, remove the MauiXamlInflator line from your .csproj file (reverts to configuration-based defaults: Runtime in Debug, XamlC in Release).
  XAML source generation is enabled (MauiXamlInflator=SourceGen). This generates C# code from XAML at compile time for better performance. To disable, remove the MauiXamlInflator line from your .csproj file (reverts to configuration-based defaults: Runtime in Debug, XamlC in Release).
  XAML source generation is enabled (MauiXamlInflator=SourceGen). This generates C# code from XAML at compile time for better performance. To disable, remove the MauiXamlInflator line from your .csproj file (reverts to configuration-based defaults: Runtime in Debug, XamlC in Release).
E:\github\remote-agent\src\RemoteAgent.App\Services\LocalSessionStore.cs(131,44): error CS8625: Cannot convert null literal to non-nullable reference type. [E:\github\remote-agent\src\RemoteAgent.App\RemoteAgent.App.csproj::TargetFramework=net10.0-ios]
E:\github\remote-agent\src\RemoteAgent.App\Services\LocalSessionStore.cs(131,44): error CS8625: Cannot convert null literal to non-nullable reference type. [E:\github\remote-agent\src\RemoteAgent.App\RemoteAgent.App.csproj::TargetFramework=net10.0-maccatalyst]
E:\github\remote-agent\src\RemoteAgent.App\Services\LocalSessionStore.cs(131,44): error CS8625: Cannot convert null literal to non-nullable reference type. [E:\github\remote-agent\src\RemoteAgent.App\RemoteAgent.App.csproj::TargetFramework=net10.0-android]
E:\github\remote-agent\src\RemoteAgent.App\Services\LocalSessionStore.cs(131,44): error CS8625: Cannot convert null literal to non-nullable reference type. [E:\github\remote-agent\src\RemoteAgent.App\RemoteAgent.App.csproj::TargetFramework=net10.0-windows10.0.19041.0]

Build FAILED.

E:\github\remote-agent\src\RemoteAgent.App\Services\LocalSessionStore.cs(131,44): error CS8625: Cannot convert null literal to non-nullable reference type. [E:\github\remote-agent\src\RemoteAgent.App\RemoteAgent.App.csproj::TargetFramework=net10.0-ios]
E:\github\remote-agent\src\RemoteAgent.App\Services\LocalSessionStore.cs(131,44): error CS8625: Cannot convert null literal to non-nullable reference type. [E:\github\remote-agent\src\RemoteAgent.App\RemoteAgent.App.csproj::TargetFramework=net10.0-maccatalyst]
E:\github\remote-agent\src\RemoteAgent.App\Services\LocalSessionStore.cs(131,44): error CS8625: Cannot convert null literal to non-nullable reference type. [E:\github\remote-agent\src\RemoteAgent.App\RemoteAgent.App.csproj::TargetFramework=net10.0-android]
E:\github\remote-agent\src\RemoteAgent.App\Services\LocalSessionStore.cs(131,44): error CS8625: Cannot convert null literal to non-nullable reference type. [E:\github\remote-agent\src\RemoteAgent.App\RemoteAgent.App.csproj::TargetFramework=net10.0-windows10.0.19041.0]
    0 Warning(s)
    4 Error(s)

Time Elapsed 00:00:23.44
